$ pnpm add -D electron electron-builder concurrently wait-on
Usage Error: Invalid package.json in package.json

$ pnpm ...
$ pnpm add sqlite3 better-sqlite3

Usage Error: Invalid package.json in package.json

$ pnpm ...
$ pnpm add -D electron electron-builder concurrently wait-on

Progress: resolved 1, reused 0, downloaded 0, added 0
Progress: resolved 23, reused 18, downloaded 0, added 0
 ERR_PNPM_NO_MATCHING_VERSION  No matching version found for tailwindcss@^3.5.7 while fetching it from https://registry.npmjs.org/

This error happened while installing a direct dependency of /workspace/react_template

The latest release of tailwindcss is "4.1.12".

Other releases are:
  * next: 4.0.0
  * insiders: 0.0.0-insiders.ddc84b0

If you need the full list of all 2252 published versions run "$ pnpm view tailwindcss versions".
$ pnpm add better-sqlite3

Progress: resolved 1, reused 0, downloaded 0, added 0
Progress: resolved 21, reused 16, downloaded 0, added 0
 ERR_PNPM_NO_MATCHING_VERSION  No matching version found for tailwindcss@^3.5.7 while fetching it from https://registry.npmjs.org/

This error happened while installing a direct dependency of /workspace/react_template

The latest release of tailwindcss is "4.1.12".

Other releases are:
  * next: 4.0.0
  * insiders: 0.0.0-insiders.ddc84b0

If you need the full list of all 2252 published versions run "$ pnpm view tailwindcss versions".
$ pnpm install

Progress: resolved 0, reused 1, downloaded 0, added 0
Progress: resolved 50, reused 45, downloaded 2, added 0
Progress: resolved 77, reused 68, downloaded 9, added 0
Progress: resolved 195, reused 177, downloaded 13, added 0
Progress: resolved 292, reused 269, downloaded 19, added 0
Progress: resolved 361, reused 296, downloaded 51, added 0
Progress: resolved 468, reused 376, downloaded 72, added 0
Progress: resolved 517, reused 401, downloaded 99, added 0
Progress: resolved 567, reused 424, downloaded 134, added 0
Progress: resolved 631, reused 435, downloaded 147, added 0
Progress: resolved 671, reused 449, downloaded 176, added 0
 WARN  4 deprecated subdependencies found: boolean@3.2.0, glob@7.2.3, inflight@1.0.6, rollup-plugin-terser@7.0.2
Progress: resolved 699, reused 463, downloaded 192, added 0
Packages: +218 -55
+++++++++++++++++++++++++++++++++++++++++++++++++++++++++++++++-----------------
Progress: resolved 699, reused 463, downloaded 192, added 24
Progress: resolved 699, reused 463, downloaded 193, added 95
Progress: resolved 699, reused 463, downloaded 193, added 187
Progress: resolved 699, reused 463, downloaded 193, added 216
Progress: resolved 699, reused 463, downloaded 193, added 217
Progress: resolved 699, reused 463, downloaded 193, added 218
Progress: resolved 699, reused 463, downloaded 193, added 218, done

> vastu-architect-ai@1.0.0 postinstall /workspace/react_template
> electron-builder install-app-deps

  • electron-builder  version=24.13.3
  • loaded configuration  file=package.json ("build" field)
  • rebuilding native dependencies  dependencies=better-sqlite3@9.6.0 platform=linux arch=x64
  • install prebuilt binary  name=better-sqlite3 version=9.6.0 platform=linux arch=x64 napi=
  ⨯ cannot find prebuild-install  
 WARN  Issues with peer dependencies found
.
├─┬ @react-three/fiber 9.3.0
│ ├── ✕ unmet peer react@^19.0.0: found 18.3.1
│ ├── ✕ unmet peer react-dom@^19.0.0: found 18.3.1
│ ├─┬ its-fine 2.0.0
│ │ └── ✕ unmet peer react@^19.0.0: found 18.3.1
│ └─┬ react-reconciler 0.31.0
│   └── ✕ unmet peer react@^19.0.0: found 18.3.1
├─┬ @react-three/drei 10.7.4
│ ├── ✕ unmet peer react@^19: found 18.3.1
│ └── ✕ unmet peer react-dom@^19: found 18.3.1
└─┬ @metagptx/vite-plugin-source-locator 0.0.6
  └─┬ rollup-plugin-terser 7.0.2
    └── ✕ unmet peer rollup@^2.0.0: found 4.49.0

dependencies:
- @emotion/react 11.14.0
- @emotion/styled 11.14.1
- @mui/material 6.5.0
- @supabase/supabase-js 2.56.0
- @types/prop-types 15.7.15
+ better-sqlite3 9.6.0 (12.2.0 is available)
- prop-types 15.8.1
- tailwindcss-animate 1.0.7

devDependencies:
- @tailwindcss/aspect-ratio 0.4.2
+ concurrently 8.2.2 (9.2.1 is available)
+ electron 28.3.3 (37.4.0 is available)
+ electron-builder 24.13.3 (26.0.12 is available)
+ wait-on 7.2.0 (8.0.4 is available)

╭ Warning ─────────────────────────────────────────────────────────────────────╮
│                                                                              │
│   Ignored build scripts: better-sqlite3, electron.                           │
│   Run "pnpm approve-builds" to pick which dependencies should be allowed     │
│   to run scripts.                                                            │
│                                                                              │
╰──────────────────────────────────────────────────────────────────────────────╯

Done in 23.9s using pnpm v10.15.1
$ pnpm run lint


> vastu-architect-ai@1.0.0 lint /workspace/react_template
> eslint ./src --quiet

$ pnpm add tailwindcss-animate

Progress: resolved 1, reused 0, downloaded 0, added 0
Progress: resolved 1, reused 1, downloaded 0, added 0
Progress: resolved 152, reused 151, downloaded 0, added 0
Progress: resolved 680, reused 637, downloaded 0, added 0
 WARN  4 deprecated subdependencies found: boolean@3.2.0, glob@7.2.3, inflight@1.0.6, rollup-plugin-terser@7.0.2
Packages: +1
+
Progress: resolved 700, reused 657, downloaded 0, added 0, done
 WARN  Issues with peer dependencies found
.
├─┬ @react-three/fiber 9.3.0
│ ├── ✕ unmet peer react@^19.0.0: found 18.3.1
│ ├── ✕ unmet peer react-dom@^19.0.0: found 18.3.1
│ ├─┬ react-reconciler 0.31.0
│ │ └── ✕ unmet peer react@^19.0.0: found 18.3.1
│ └─┬ its-fine 2.0.0
│   └── ✕ unmet peer react@^19.0.0: found 18.3.1
├─┬ @react-three/drei 10.7.4
│ ├── ✕ unmet peer react@^19: found 18.3.1
│ └── ✕ unmet peer react-dom@^19: found 18.3.1
└─┬ @metagptx/vite-plugin-source-locator 0.0.6
  └─┬ rollup-plugin-terser 7.0.2
    └── ✕ unmet peer rollup@^2.0.0: found 4.49.0

dependencies:
+ tailwindcss-animate 1.0.7

╭ Warning ─────────────────────────────────────────────────────────────────────╮
│                                                                              │
│   Ignored build scripts: better-sqlite3.                                     │
│   Run "pnpm approve-builds" to pick which dependencies should be allowed     │
│   to run scripts.                                                            │
│                                                                              │
╰──────────────────────────────────────────────────────────────────────────────╯

Done in 5.1s using pnpm v10.15.1
